
> template_bun_shadcn_react_vite_bun_ts@0.0.0 build
> vite build

[36mvite v7.2.7 [32mbuilding client environment for production...[36m[39m
transforming...
[32mÔ£ô[39m 2949 modules transformed.
rendering chunks...
computing gzip size...
[2mdist/[22m[32mindex.html                               [39m[1m[2m  1.53 kB[22m[1m[22m[2m Ôöé gzip:   0.62 kB[22m
[2mdist/[22m[35massets/index-DOyvp2h2.css                [39m[1m[2m 90.21 kB[22m[1m[22m[2m Ôöé gzip:  15.64 kB[22m
[2mdist/[22m[36massets/index-BdQq_4o_.js                 [39m[1m[2m  0.06 kB[22m[1m[22m[2m Ôöé gzip:   0.08 kB[22m
[2mdist/[22m[36massets/clock-CVolMTzV.js                 [39m[1m[2m  0.17 kB[22m[1m[22m[2m Ôöé gzip:   0.17 kB[22m
[2mdist/[22m[36massets/arrow-left-72zWEV5D.js            [39m[1m[2m  0.17 kB[22m[1m[22m[2m Ôöé gzip:   0.16 kB[22m
[2mdist/[22m[36massets/arrow-right-BQJkSwST.js           [39m[1m[2m  0.17 kB[22m[1m[22m[2m Ôöé gzip:   0.16 kB[22m
[2mdist/[22m[36massets/circle-check-big-BxEpOh4Z.js      [39m[1m[2m  0.19 kB[22m[1m[22m[2m Ôöé gzip:   0.18 kB[22m
[2mdist/[22m[36massets/mail-U7J5zdMt.js                  [39m[1m[2m  0.21 kB[22m[1m[22m[2m Ôöé gzip:   0.20 kB[22m
[2mdist/[22m[36massets/index-DLUOe_D8.js                 [39m[1m[2m  0.23 kB[22m[1m[22m[2m Ôöé gzip:   0.17 kB[22m
[2mdist/[22m[36massets/message-circle-Yhp5MCnZ.js        [39m[1m[2m  0.24 kB[22m[1m[22m[2m Ôöé gzip:   0.21 kB[22m
[2mdist/[22m[36massets/calendar-C0Xf6Uar.js              [39m[1m[2m  0.26 kB[22m[1m[22m[2m Ôöé gzip:   0.21 kB[22m
[2mdist/[22m[36massets/book-open-BxUzg0Ei.js             [39m[1m[2m  0.28 kB[22m[1m[22m[2m Ôöé gzip:   0.21 kB[22m
[2mdist/[22m[36massets/send-C51BaPoV.js                  [39m[1m[2m  0.29 kB[22m[1m[22m[2m Ôöé gzip:   0.23 kB[22m
[2mdist/[22m[36massets/indian-rupee-BlKww4fI.js          [39m[1m[2m  0.29 kB[22m[1m[22m[2m Ôöé gzip:   0.21 kB[22m
[2mdist/[22m[36massets/users-DpyErrT3.js                 [39m[1m[2m  0.31 kB[22m[1m[22m[2m Ôöé gzip:   0.23 kB[22m
[2mdist/[22m[36massets/endOfMonth-CZ6hfXnH.js            [39m[1m[2m  0.31 kB[22m[1m[22m[2m Ôöé gzip:   0.22 kB[22m
[2mdist/[22m[36massets/graduation-cap-NrJ41G3P.js        [39m[1m[2m  0.33 kB[22m[1m[22m[2m Ôöé gzip:   0.25 kB[22m
[2mdist/[22m[36massets/star-shPvTsFr.js                  [39m[1m[2m  0.47 kB[22m[1m[22m[2m Ôöé gzip:   0.29 kB[22m
[2mdist/[22m[36massets/sparkles-BEidjRAJ.js              [39m[1m[2m  0.50 kB[22m[1m[22m[2m Ôöé gzip:   0.28 kB[22m
[2mdist/[22m[36massets/textarea-9OJN3_pL.js              [39m[1m[2m  0.50 kB[22m[1m[22m[2m Ôöé gzip:   0.33 kB[22m
[2mdist/[22m[36massets/input-BtZgUY5I.js                 [39m[1m[2m  0.58 kB[22m[1m[22m[2m Ôöé gzip:   0.36 kB[22m
[2mdist/[22m[36massets/error-logger-cILgZSj_.js          [39m[1m[2m  0.61 kB[22m[1m[22m[2m Ôöé gzip:   0.32 kB[22m
[2mdist/[22m[36massets/NotFound-BDRtpGUH.js              [39m[1m[2m  0.63 kB[22m[1m[22m[2m Ôöé gzip:   0.38 kB[22m
[2mdist/[22m[36massets/label-CQWDBEHW.js                 [39m[1m[2m  0.88 kB[22m[1m[22m[2m Ôöé gzip:   0.55 kB[22m
[2mdist/[22m[36massets/badge-A4SQHeU4.js                 [39m[1m[2m  0.91 kB[22m[1m[22m[2m Ôöé gzip:   0.42 kB[22m
[2mdist/[22m[36massets/card-kZ0hlytD.js                  [39m[1m[2m  0.99 kB[22m[1m[22m[2m Ôöé gzip:   0.38 kB[22m
[2mdist/[22m[36massets/session.service-CtAssdLK.js       [39m[1m[2m  1.97 kB[22m[1m[22m[2m Ôöé gzip:   0.68 kB[22m
[2mdist/[22m[36massets/useMutation-7hYNovMx.js           [39m[1m[2m  2.07 kB[22m[1m[22m[2m Ôöé gzip:   0.88 kB[22m
[2mdist/[22m[36massets/PasswordResetSuccess-DneZQYke.js  [39m[1m[2m  2.10 kB[22m[1m[22m[2m Ôöé gzip:   0.86 kB[22m
[2mdist/[22m[36massets/MentorCard-SZ0XNt0N.js            [39m[1m[2m  2.21 kB[22m[1m[22m[2m Ôöé gzip:   0.98 kB[22m
[2mdist/[22m[36massets/ForgotPassword-Cj0hVwP7.js        [39m[1m[2m  3.51 kB[22m[1m[22m[2m Ôöé gzip:   1.52 kB[22m
[2mdist/[22m[36massets/AdminDashboard-B55mjxT2.js        [39m[1m[2m  3.82 kB[22m[1m[22m[2m Ôöé gzip:   1.52 kB[22m
[2mdist/[22m[36massets/avatar-CQFaHpo_.js                [39m[1m[2m  4.35 kB[22m[1m[22m[2m Ôöé gzip:   1.93 kB[22m
[2mdist/[22m[36massets/Footer-oKSfwEok.js                [39m[1m[2m  4.56 kB[22m[1m[22m[2m Ôöé gzip:   1.61 kB[22m
[2mdist/[22m[36massets/EditProfile-Ccwzmbio.js           [39m[1m[2m  5.21 kB[22m[1m[22m[2m Ôöé gzip:   2.16 kB[22m
[2mdist/[22m[36massets/ResetPassword-Dwj3MVWX.js         [39m[1m[2m  5.46 kB[22m[1m[22m[2m Ôöé gzip:   1.91 kB[22m
[2mdist/[22m[36massets/useQuery-CKWtHW6u.js              [39m[1m[2m  8.73 kB[22m[1m[22m[2m Ôöé gzip:   3.16 kB[22m
[2mdist/[22m[36massets/StudentDashboard-Cpsjm9Ih.js      [39m[1m[2m  9.35 kB[22m[1m[22m[2m Ôöé gzip:   2.84 kB[22m
[2mdist/[22m[36massets/StudyAssistant-BbjA_dZd.js        [39m[1m[2m 11.38 kB[22m[1m[22m[2m Ôöé gzip:   4.47 kB[22m
[2mdist/[22m[36massets/Chat-DeMqD1eu.js                  [39m[1m[2m 11.59 kB[22m[1m[22m[2m Ôöé gzip:   3.98 kB[22m
[2mdist/[22m[36massets/BecomeMentor-CrvJpsjN.js          [39m[1m[2m 12.44 kB[22m[1m[22m[2m Ôöé gzip:   3.88 kB[22m
[2mdist/[22m[36massets/scroll-area-naBD5gue.js           [39m[1m[2m 12.45 kB[22m[1m[22m[2m Ôöé gzip:   3.92 kB[22m
[2mdist/[22m[36massets/Auth-BKd6FRcT.js                  [39m[1m[2m 12.59 kB[22m[1m[22m[2m Ôöé gzip:   4.64 kB[22m
[2mdist/[22m[36massets/MentorDashboard-D-wQ3pZb.js       [39m[1m[2m 14.93 kB[22m[1m[22m[2m Ôöé gzip:   4.43 kB[22m
[2mdist/[22m[36massets/Index-B7V7raDt.js                 [39m[1m[2m 16.55 kB[22m[1m[22m[2m Ôöé gzip:   5.43 kB[22m
[2mdist/[22m[36massets/Mentors-R6sAiohy.js               [39m[1m[2m 16.60 kB[22m[1m[22m[2m Ôöé gzip:   6.37 kB[22m
[2mdist/[22m[36massets/format-DPdKT4KZ.js                [39m[1m[2m 20.03 kB[22m[1m[22m[2m Ôöé gzip:   5.76 kB[22m
[2mdist/[22m[36massets/select-4VlLBena.js                [39m[1m[2m 22.32 kB[22m[1m[22m[2m Ôöé gzip:   7.80 kB[22m
[2mdist/[22m[36massets/Navbar-D0d7Ot_V.js                [39m[1m[2m 48.02 kB[22m[1m[22m[2m Ôöé gzip:  15.14 kB[22m
[2mdist/[22m[36massets/schemas-dqiBZp6A.js               [39m[1m[2m 50.59 kB[22m[1m[22m[2m Ôöé gzip:  13.65 kB[22m
[2mdist/[22m[36massets/MentorProfile-BJw9AXRe.js         [39m[1m[2m 84.43 kB[22m[1m[22m[2m Ôöé gzip:  25.37 kB[22m
[2mdist/[22m[36massets/index-BlKzhUX0.js                 [39m[1m[33m543.03 kB[39m[22m[2m Ôöé gzip: 163.50 kB[22m

(!) Some chunks are larger than 500 kB after minification. Consider:
- Using dynamic import() to code-split the application
- Use build.rollupOptions.output.manualChunks to improve chunking: https://rollupjs.org/configuration-options/#output-manualchunks
- Adjust chunk size limit for this warning via build.chunkSizeWarningLimit.
[32mÔ£ô built in 15.29s[39m
